"blank"			"=========================="
"blank"			"Movement"
"blank"			"=========================="
"+forward"				"Move forward"
"+back"					"Move back"
"+moveleft"				"Move left"
"+moveright"			"Move right"
"+jump"					"Jump"
"+duck"					"Duck"
"blank"			"=========================="
"blank"			"Actions"
"blank"			"=========================="
"+attack"				"Shoot blue portal"
"+attack2"				"Shoot orange portal"
"+use"					"Interact with object"
"+zoom"					"Toggle zoom"
"+zoom_in"				"Zoom +"
"+zoom_out"				"Zoom -"
"respawn_entities"      "Quick Respawn"
"WeaponToggle"			"Switch guns"
"ent_fire @HoverBoardToggle ToggleTest"      "Turn hoverboard on/off"
"ent_fire @toggle_flashlight ToggleTest"     "Toggle flashlight"
"blank"			"=========================="
"blank"			"#Valve_Miscellaneous_Title"
"blank"			"=========================="
"jpeg"					"Take screenshot"
"save quick"			"Quick save"
"load quick"			"Quick load"
"pause"					"Pause game"
"quit"					"Quit game"
"toggleconsole"			"Developer console"
"blank"			"=========================="
"blank"			"#Valve_Miscellaneous_Keyboard_Keys_Title"
"blank"			"=========================="
"+left"					"Turn left"
"+right"				"Turn right"
"+lookup"				"Look up"
"+lookdown"				"Look down"
"+strafe"				"Lateral strafe toggle"
"+klook"				"Look around with keyboard toggle"